###############################################################################
#                                                                             #
# IAR ELF Linker V6.70.2.6274/W32 for ARM               29/Apr/2014  14:09:07 #
# Copyright 2007-2013 IAR Systems AB.                                         #
#                                                                             #
#    Output file  =  C:\Users\RAMI\Documents\GitHub\USB_TO_CAN_Bridge\Bridge\ #
#                    Project\Peripheral_Examples\SysTick\EWARM\SysTick\Exe\Sy #
#                    sTick.out                                                #
#    Map file     =  C:\Users\RAMI\Documents\GitHub\USB_TO_CAN_Bridge\Bridge\ #
#                    Project\Peripheral_Examples\SysTick\EWARM\SysTick\List\S #
#                    ysTick.map                                               #
#    Command line =  C:\Users\RAMI\Documents\GitHub\USB_TO_CAN_Bridge\Bridge\ #
#                    Project\Peripheral_Examples\SysTick\EWARM\SysTick\Obj\BR #
#                    IDGE_Config.o C:\Users\RAMI\Documents\GitHub\USB_TO_CAN_ #
#                    Bridge\Bridge\Project\Peripheral_Examples\SysTick\EWARM\ #
#                    SysTick\Obj\BridgeCAN_Lib.o                              #
#                    C:\Users\RAMI\Documents\GitHub\USB_TO_CAN_Bridge\Bridge\ #
#                    Project\Peripheral_Examples\SysTick\EWARM\SysTick\Obj\Br #
#                    idgeCOM_Lib.o C:\Users\RAMI\Documents\GitHub\USB_TO_CAN_ #
#                    Bridge\Bridge\Project\Peripheral_Examples\SysTick\EWARM\ #
#                    SysTick\Obj\main.o C:\Users\RAMI\Documents\GitHub\USB_TO #
#                    _CAN_Bridge\Bridge\Project\Peripheral_Examples\SysTick\E #
#                    WARM\SysTick\Obj\misc.o C:\Users\RAMI\Documents\GitHub\U #
#                    SB_TO_CAN_Bridge\Bridge\Project\Peripheral_Examples\SysT #
#                    ick\EWARM\SysTick\Obj\startup_stm32f4xx.o                #
#                    C:\Users\RAMI\Documents\GitHub\USB_TO_CAN_Bridge\Bridge\ #
#                    Project\Peripheral_Examples\SysTick\EWARM\SysTick\Obj\st #
#                    m32f4xx_can.o C:\Users\RAMI\Documents\GitHub\USB_TO_CAN_ #
#                    Bridge\Bridge\Project\Peripheral_Examples\SysTick\EWARM\ #
#                    SysTick\Obj\stm32f4xx_exti.o                             #
#                    C:\Users\RAMI\Documents\GitHub\USB_TO_CAN_Bridge\Bridge\ #
#                    Project\Peripheral_Examples\SysTick\EWARM\SysTick\Obj\st #
#                    m32f4xx_gpio.o C:\Users\RAMI\Documents\GitHub\USB_TO_CAN #
#                    _Bridge\Bridge\Project\Peripheral_Examples\SysTick\EWARM #
#                    \SysTick\Obj\stm32f4xx_it.o                              #
#                    C:\Users\RAMI\Documents\GitHub\USB_TO_CAN_Bridge\Bridge\ #
#                    Project\Peripheral_Examples\SysTick\EWARM\SysTick\Obj\st #
#                    m32f4xx_rcc.o C:\Users\RAMI\Documents\GitHub\USB_TO_CAN_ #
#                    Bridge\Bridge\Project\Peripheral_Examples\SysTick\EWARM\ #
#                    SysTick\Obj\stm32f4xx_usart.o                            #
#                    C:\Users\RAMI\Documents\GitHub\USB_TO_CAN_Bridge\Bridge\ #
#                    Project\Peripheral_Examples\SysTick\EWARM\SysTick\Obj\sy #
#                    stem_stm32f4xx.o C:\Users\RAMI\Documents\GitHub\USB_TO_C #
#                    AN_Bridge\Bridge\Project\Peripheral_Examples\SysTick\EWA #
#                    RM\SysTick\Obj\usb_bsp.o C:\Users\RAMI\Documents\GitHub\ #
#                    USB_TO_CAN_Bridge\Bridge\Project\Peripheral_Examples\Sys #
#                    Tick\EWARM\SysTick\Obj\usb_core.o                        #
#                    C:\Users\RAMI\Documents\GitHub\USB_TO_CAN_Bridge\Bridge\ #
#                    Project\Peripheral_Examples\SysTick\EWARM\SysTick\Obj\us #
#                    b_dcd.o C:\Users\RAMI\Documents\GitHub\USB_TO_CAN_Bridge #
#                    \Bridge\Project\Peripheral_Examples\SysTick\EWARM\SysTic #
#                    k\Obj\usb_dcd_int.o C:\Users\RAMI\Documents\GitHub\USB_T #
#                    O_CAN_Bridge\Bridge\Project\Peripheral_Examples\SysTick\ #
#                    EWARM\SysTick\Obj\usbd_cdc_core.o                        #
#                    C:\Users\RAMI\Documents\GitHub\USB_TO_CAN_Bridge\Bridge\ #
#                    Project\Peripheral_Examples\SysTick\EWARM\SysTick\Obj\us #
#                    bd_cdc_vcp.o C:\Users\RAMI\Documents\GitHub\USB_TO_CAN_B #
#                    ridge\Bridge\Project\Peripheral_Examples\SysTick\EWARM\S #
#                    ysTick\Obj\usbd_core.o C:\Users\RAMI\Documents\GitHub\US #
#                    B_TO_CAN_Bridge\Bridge\Project\Peripheral_Examples\SysTi #
#                    ck\EWARM\SysTick\Obj\usbd_desc.o                         #
#                    C:\Users\RAMI\Documents\GitHub\USB_TO_CAN_Bridge\Bridge\ #
#                    Project\Peripheral_Examples\SysTick\EWARM\SysTick\Obj\us #
#                    bd_ioreq.o C:\Users\RAMI\Documents\GitHub\USB_TO_CAN_Bri #
#                    dge\Bridge\Project\Peripheral_Examples\SysTick\EWARM\Sys #
#                    Tick\Obj\usbd_req.o C:\Users\RAMI\Documents\GitHub\USB_T #
#                    O_CAN_Bridge\Bridge\Project\Peripheral_Examples\SysTick\ #
#                    EWARM\SysTick\Obj\usbd_usr.o --redirect                  #
#                    _Printf=_PrintfSmall --redirect _Scanf=_ScanfSmall -o    #
#                    C:\Users\RAMI\Documents\GitHub\USB_TO_CAN_Bridge\Bridge\ #
#                    Project\Peripheral_Examples\SysTick\EWARM\SysTick\Exe\Sy #
#                    sTick.out --map C:\Users\RAMI\Documents\GitHub\USB_TO_CA #
#                    N_Bridge\Bridge\Project\Peripheral_Examples\SysTick\EWAR #
#                    M\SysTick\List\SysTick.map --config                      #
#                    C:\Users\RAMI\Documents\GitHub\USB_TO_CAN_Bridge\Bridge\ #
#                    Project\Peripheral_Examples\SysTick\EWARM\stm32f4xx_flas #
#                    h.icf --semihosting --entry __iar_program_start --vfe    #
#                                                                             #
#                                                                             #
###############################################################################

*******************************************************************************
*** RUNTIME MODEL ATTRIBUTES
***

CppFlavor       = *
__SystemLibrary = DLib


*******************************************************************************
*** PLACEMENT SUMMARY
***

"A1":  place at 0x08000000 { ro section .intvec };
"P1":  place in [from 0x08000000 to 0x080fffff] { ro };
"P2":  place in [from 0x20000000 to 0x20020000] { rw, block CSTACK, block HEAP };

  Section            Kind        Address    Size  Object
  -------            ----        -------    ----  ------
"A1":                                      0x188
  .intvec            ro code  0x08000000   0x188  startup_stm32f4xx.o [1]
                            - 0x08000188   0x188

"P1":                                     0x2d18
  .text              ro code  0x08000188   0x7e8  usb_core.o [1]
  .text              ro code  0x08000970    0xe8  usb_bsp.o [1]
  .text              ro code  0x08000a58    0x70  stm32f4xx_rcc.o [1]
  .text              ro code  0x08000ac8    0x9c  stm32f4xx_gpio.o [1]
  .text              ro code  0x08000b64    0x10  stm32f4xx_exti.o [1]
  .text              ro code  0x08000b74    0x78  misc.o [1]
  .text              ro code  0x08000bec   0x456  usb_dcd_int.o [1]
  .text              ro code  0x08001042    0x2e  copy_init3.o [5]
  .text              ro code  0x08001070   0x42c  stm32f4xx_can.o [1]
  .text              ro code  0x0800149c   0x3cc  usbd_req.o [1]
  .text              ro code  0x08001868   0x1b2  usb_dcd.o [1]
  .text              ro code  0x08001a1a    0x7a  usbd_ioreq.o [1]
  .text              ro code  0x08001a94   0x236  usbd_core.o [1]
  .text              ro code  0x08001cca    0x22  zero_init3.o [5]
  .text              ro code  0x08001cec   0x248  BRIDGE_Config.o [1]
  .text              ro code  0x08001f34   0x240  usbd_cdc_core.o [1]
  .text              ro code  0x08002174   0x228  stm32f4xx_it.o [1]
  .text              ro code  0x0800239c   0x198  BridgeCAN_Lib.o [1]
  .text              ro code  0x08002534    0xa6  BridgeCOM_Lib.o [1]
  .text              ro code  0x080025da     0xe  usbd_usr.o [1]
  .text              ro code  0x080025e8   0x110  main.o [1]
  .text              ro code  0x080026f8    0xe0  system_stm32f4xx.o [1]
  .text              ro code  0x080027d8     0xc  memcpy.o [3]
  .text              ro code  0x080027e4    0x76  ABImemcpy_unaligned.o [5]
  .text              ro code  0x0800285c   0x1fe  usbd_cdc_vcp.o [1]
  .text              ro code  0x08002a5c   0x10c  usbd_desc.o [1]
  .text              ro code  0x08002b68    0x28  data_init.o [5]
  .iar.init_table    const    0x08002b90    0x24  - Linker created -
  .text              ro code  0x08002bb4    0x1a  fpinit_M.o [4]
  .text              ro code  0x08002bd0    0x1a  cmain.o [5]
  .text              ro code  0x08002bea     0x4  low_level_init.o [3]
  .text              ro code  0x08002bee     0x4  exit.o [3]
  .text              ro code  0x08002bf4     0xa  cexit.o [5]
  .text              ro code  0x08002c00    0x14  exit.o [6]
  .text              ro code  0x08002c14    0x10  startup_stm32f4xx.o [1]
  .text              ro code  0x08002c24     0xc  cstartup_M.o [5]
  .text              ro code  0x08002c30     0x4  startup_stm32f4xx.o [1]
  .text              ro code  0x08002c34     0x4  startup_stm32f4xx.o [1]
  .text              ro code  0x08002c38     0x4  startup_stm32f4xx.o [1]
  .text              ro code  0x08002c3c     0x4  startup_stm32f4xx.o [1]
  .text              ro code  0x08002c40     0x4  startup_stm32f4xx.o [1]
  .text              ro code  0x08002c44     0x4  startup_stm32f4xx.o [1]
  .text              ro code  0x08002c48     0x4  startup_stm32f4xx.o [1]
  .text              ro code  0x08002c4c     0x4  startup_stm32f4xx.o [1]
  .text              ro code  0x08002c50     0x4  startup_stm32f4xx.o [1]
  .text              ro code  0x08002c54     0x4  startup_stm32f4xx.o [1]
  .text              ro code  0x08002c58     0x4  startup_stm32f4xx.o [1]
  .text              ro code  0x08002c5c     0x4  startup_stm32f4xx.o [1]
  .text              ro code  0x08002c60     0x4  startup_stm32f4xx.o [1]
  .text              ro code  0x08002c64     0x4  startup_stm32f4xx.o [1]
  .text              ro code  0x08002c68     0x4  startup_stm32f4xx.o [1]
  .text              ro code  0x08002c6c     0x4  startup_stm32f4xx.o [1]
  .text              ro code  0x08002c70     0x4  startup_stm32f4xx.o [1]
  .text              ro code  0x08002c74     0x4  startup_stm32f4xx.o [1]
  .text              ro code  0x08002c78     0x4  startup_stm32f4xx.o [1]
  .text              ro code  0x08002c7c     0x4  startup_stm32f4xx.o [1]
  .text              ro code  0x08002c80     0x4  startup_stm32f4xx.o [1]
  .text              ro code  0x08002c84     0x4  startup_stm32f4xx.o [1]
  .text              ro code  0x08002c88     0x4  startup_stm32f4xx.o [1]
  .text              ro code  0x08002c8c     0x4  startup_stm32f4xx.o [1]
  .text              ro code  0x08002c90     0x4  startup_stm32f4xx.o [1]
  .text              ro code  0x08002c94     0x4  startup_stm32f4xx.o [1]
  .text              ro code  0x08002c98     0x4  startup_stm32f4xx.o [1]
  .text              ro code  0x08002c9c     0x4  startup_stm32f4xx.o [1]
  .text              ro code  0x08002ca0     0x4  startup_stm32f4xx.o [1]
  .text              ro code  0x08002ca4     0x4  startup_stm32f4xx.o [1]
  .text              ro code  0x08002ca8     0x4  startup_stm32f4xx.o [1]
  .text              ro code  0x08002cac     0x4  startup_stm32f4xx.o [1]
  .text              ro code  0x08002cb0     0x4  startup_stm32f4xx.o [1]
  .text              ro code  0x08002cb4     0x4  startup_stm32f4xx.o [1]
  .text              ro code  0x08002cb8     0x4  startup_stm32f4xx.o [1]
  .text              ro code  0x08002cbc     0x4  startup_stm32f4xx.o [1]
  .text              ro code  0x08002cc0     0x4  startup_stm32f4xx.o [1]
  .text              ro code  0x08002cc4     0x4  startup_stm32f4xx.o [1]
  .text              ro code  0x08002cc8     0x4  startup_stm32f4xx.o [1]
  .text              ro code  0x08002ccc     0x4  startup_stm32f4xx.o [1]
  .text              ro code  0x08002cd0     0x4  startup_stm32f4xx.o [1]
  .text              ro code  0x08002cd4     0x4  startup_stm32f4xx.o [1]
  .text              ro code  0x08002cd8     0x4  startup_stm32f4xx.o [1]
  .text              ro code  0x08002cdc     0x4  startup_stm32f4xx.o [1]
  .text              ro code  0x08002ce0     0x4  startup_stm32f4xx.o [1]
  .text              ro code  0x08002ce4     0x4  startup_stm32f4xx.o [1]
  .text              ro code  0x08002ce8     0x4  startup_stm32f4xx.o [1]
  .text              ro code  0x08002cec     0x4  startup_stm32f4xx.o [1]
  .text              ro code  0x08002cf0     0x4  startup_stm32f4xx.o [1]
  .text              ro code  0x08002cf4     0x4  startup_stm32f4xx.o [1]
  .text              ro code  0x08002cf8     0x4  startup_stm32f4xx.o [1]
  .text              ro code  0x08002cfc     0x4  startup_stm32f4xx.o [1]
  .text              ro code  0x08002d00     0x4  startup_stm32f4xx.o [1]
  .text              ro code  0x08002d04     0x4  startup_stm32f4xx.o [1]
  .text              ro code  0x08002d08     0x4  startup_stm32f4xx.o [1]
  .text              ro code  0x08002d0c     0x4  startup_stm32f4xx.o [1]
  .text              ro code  0x08002d10     0x4  startup_stm32f4xx.o [1]
  .text              ro code  0x08002d14     0x4  startup_stm32f4xx.o [1]
  .text              ro code  0x08002d18     0x4  startup_stm32f4xx.o [1]
  .text              ro code  0x08002d1c     0x4  startup_stm32f4xx.o [1]
  .text              ro code  0x08002d20     0x4  startup_stm32f4xx.o [1]
  .text              ro code  0x08002d24     0x4  startup_stm32f4xx.o [1]
  .text              ro code  0x08002d28     0x4  startup_stm32f4xx.o [1]
  .text              ro code  0x08002d2c     0x4  startup_stm32f4xx.o [1]
  .text              ro code  0x08002d30     0x4  startup_stm32f4xx.o [1]
  .text              ro code  0x08002d34     0x4  startup_stm32f4xx.o [1]
  .text              ro code  0x08002d38     0x4  startup_stm32f4xx.o [1]
  .text              ro code  0x08002d3c     0x4  startup_stm32f4xx.o [1]
  .text              ro code  0x08002d40     0x4  startup_stm32f4xx.o [1]
  .text              ro code  0x08002d44     0x4  startup_stm32f4xx.o [1]
  .text              ro code  0x08002d48     0x4  startup_stm32f4xx.o [1]
  .text              ro code  0x08002d4c     0x4  startup_stm32f4xx.o [1]
  .text              ro code  0x08002d50     0x4  startup_stm32f4xx.o [1]
  .text              ro code  0x08002d54     0x4  startup_stm32f4xx.o [1]
  .text              ro code  0x08002d58     0x4  startup_stm32f4xx.o [1]
  .text              ro code  0x08002d5c     0x4  startup_stm32f4xx.o [1]
  .text              ro code  0x08002d60     0x4  startup_stm32f4xx.o [1]
  .text              ro code  0x08002d64     0x4  startup_stm32f4xx.o [1]
  .text              ro code  0x08002d68     0x4  startup_stm32f4xx.o [1]
  .rodata            const    0x08002d6c     0x0  zero_init3.o [5]
  .rodata            const    0x08002d6c     0x0  copy_init3.o [5]
  Initializer bytes  ro data  0x08002d6c   0x134  <for P2 s0>
                            - 0x08002ea0  0x2d18

"P2", part 1 of 3:                         0x134
  P2 s0                       0x20000000   0x134  <Init block>
    .data            inited   0x20000000    0x58  usbd_cdc_core.o [1]
    .data            inited   0x20000058    0x2c  usbd_cdc_core.o [1]
    .data            inited   0x20000084    0x2c  usbd_core.o [1]
    .data            inited   0x200000b0    0x1c  usbd_desc.o [1]
    .data            inited   0x200000cc    0x1c  usbd_usr.o [1]
    .data            inited   0x200000e8    0x14  system_stm32f4xx.o [1]
    .data            inited   0x200000fc    0x14  usbd_cdc_vcp.o [1]
    .data            inited   0x20000110    0x14  usbd_desc.o [1]
    .data            inited   0x20000124     0x8  usbd_cdc_vcp.o [1]
    .data            inited   0x2000012c     0x4  usbd_core.o [1]
    .data            inited   0x20000130     0x4  usbd_desc.o [1]
                            - 0x20000134   0x134

"P2", part 2 of 3:                         0xf8c
  .bss               zero     0x20000134   0x814  usbd_cdc_core.o [1]
  .bss               zero     0x20000948   0x5fc  main.o [1]
  .bss               zero     0x20000f44    0x80  usbd_cdc_vcp.o [1]
  .bss               zero     0x20000fc4    0x61  usbd_cdc_vcp.o [1]
  .bss               zero     0x20001028    0x40  usbd_cdc_core.o [1]
  .bss               zero     0x20001068    0x34  usbd_req.o [1]
  .bss               zero     0x2000109c     0xc  usbd_req.o [1]
  .bss               zero     0x200010a8     0x8  usbd_cdc_vcp.o [1]
  .bss               zero     0x200010b0     0x4  BridgeCOM_Lib.o [1]
  .bss               zero     0x200010b4     0x4  stm32f4xx_it.o [1]
  .bss               zero     0x200010b8     0x4  usbd_req.o [1]
                            - 0x200010bc   0xf88

"P2", part 3 of 3:                         0x400
  CSTACK                      0x200010c0   0x400  <Block>
    CSTACK           uninit   0x200010c0   0x400  <Block tail>
                            - 0x200014c0   0x400


*******************************************************************************
*** INIT TABLE
***

          Address     Size
          -------     ----
Zero (__iar_zero_init3)
    1 destination range, total size 0xf88:
          0x20000134  0xf88

Copy (__iar_copy_init3)
    1 source range, total size 0x134:
          0x08002d6c  0x134
    1 destination range, total size 0x134:
          0x20000000  0x134



*******************************************************************************
*** MODULE SUMMARY
***

    Module                 ro code  ro data  rw data
    ------                 -------  -------  -------
C:\Users\RAMI\Documents\GitHub\USB_TO_CAN_Bridge\Bridge\Project\Peripheral_Examples\SysTick\EWARM\SysTick\Obj: [1]
    BRIDGE_Config.o            584
    BridgeCAN_Lib.o            408
    BridgeCOM_Lib.o            166                 4
    main.o                     272             1 532
    misc.o                     120
    startup_stm32f4xx.o        724
    stm32f4xx_can.o          1 068
    stm32f4xx_exti.o            16
    stm32f4xx_gpio.o           156
    stm32f4xx_it.o             552                 4
    stm32f4xx_rcc.o            112
    system_stm32f4xx.o         224       20       20
    usb_bsp.o                  232
    usb_core.o               2 024
    usb_dcd.o                  434
    usb_dcd_int.o            1 110
    usbd_cdc_core.o            576      132    2 264
    usbd_cdc_vcp.o             510       28      261
    usbd_core.o                566       48       48
    usbd_desc.o                268       52       52
    usbd_ioreq.o               122
    usbd_req.o                 972                68
    usbd_usr.o                  14       28       28
    ------------------------------------------------
    Total:                  11 230      308    4 281

command line: [2]
    ------------------------------------------------
    Total:

dl7M_tln.a: [3]
    exit.o                       4
    low_level_init.o             4
    memcpy.o                    12
    ------------------------------------------------
    Total:                      20

m7M_tlv.a: [4]
    fpinit_M.o                  26
    ------------------------------------------------
    Total:                      26

rt7M_tl.a: [5]
    ABImemcpy_unaligned.o      118
    cexit.o                     10
    cmain.o                     26
    copy_init3.o                46
    cstartup_M.o                12
    data_init.o                 40
    zero_init3.o                34
    ------------------------------------------------
    Total:                     286

shb_l.a: [6]
    exit.o                      20
    ------------------------------------------------
    Total:                      20

    Gaps                        10                 3
    Linker created                       36    1 024
----------------------------------------------------
    Grand Total:            11 592      344    5 308


*******************************************************************************
*** ENTRY LIST
***

Entry                      Address   Size  Type      Object
-----                      -------   ----  ----      ------
?main                   0x08002bd1         Code  Gb  cmain.o [5]
ACK_MESSAGE             0x08002a58    0x2  Data  Lc  usbd_cdc_vcp.o [1]
AHBPrescTable           0x200000e8   0x10  Data  Gb  system_stm32f4xx.o [1]
APP_Rx_Buffer           0x20000148  0x800  Data  Gb  usbd_cdc_core.o [1]
APP_Rx_length           0x20000140    0x4  Data  Gb  usbd_cdc_core.o [1]
APP_Rx_ptr_in           0x20000138    0x4  Data  Gb  usbd_cdc_core.o [1]
APP_Rx_ptr_out          0x2000013c    0x4  Data  Gb  usbd_cdc_core.o [1]
APP_Tx_Buffer           0x20000f44   0x80  Data  Gb  usbd_cdc_vcp.o [1]
APP_tx_ptr_head         0x200010a8    0x4  Data  Gb  usbd_cdc_vcp.o [1]
APP_tx_ptr_tail         0x200010ac    0x4  Data  Gb  usbd_cdc_vcp.o [1]
Bridge                  0x20000fc4   0x60  Data  Gb  usbd_cdc_vcp.o [1]
Bridge_Init             0x08001d0b   0x2a  Code  Gb  BRIDGE_Config.o [1]
BusFault_Handler        0x08002343    0x4  Code  Gb  stm32f4xx_it.o [1]
CAN1_RX0_IRQHandler     0x080022cd   0x6c  Code  Gb  stm32f4xx_it.o [1]
CANTX_Counter           0x200010b6    0x2  Data  Gb  stm32f4xx_it.o [1]
CAN_Config              0x0800239d   0xfc  Code  Gb  BridgeCAN_Lib.o [1]
CAN_DeInit              0x08001071   0x34  Code  Gb  stm32f4xx_can.o [1]
CAN_FilterInit          0x08001181   0xaa  Code  Gb  stm32f4xx_can.o [1]
CAN_GetITStatus         0x080013d1   0xa4  Code  Gb  stm32f4xx_can.o [1]
CAN_GetLastErrorCode    0x080013b9    0x8  Code  Gb  stm32f4xx_can.o [1]
CAN_ITConfig            0x080013c1   0x10  Code  Gb  stm32f4xx_can.o [1]
CAN_Init                0x080010a5   0xdc  Code  Gb  stm32f4xx_can.o [1]
CAN_MessagePending      0x080013a3   0x16  Code  Gb  stm32f4xx_can.o [1]
CAN_Receive             0x08001327   0x7c  Code  Gb  stm32f4xx_can.o [1]
CAN_SaveMsg             0x08002499   0x48  Code  Gb  BridgeCAN_Lib.o [1]
CAN_SendMsg             0x080024e1   0x42  Code  Gb  BridgeCAN_Lib.o [1]
CAN_Transmit            0x0800122b   0xb0  Code  Gb  stm32f4xx_can.o [1]
CAN_TransmitStatus      0x080012db   0x4c  Code  Gb  stm32f4xx_can.o [1]
CAN_mbox                0x200010b4    0x1  Data  Gb  stm32f4xx_it.o [1]
CANpacket_receive       0x2000094c    0x4  Data  Gb  main.o [1]
CANpacket_sent          0x20000950    0x4  Data  Gb  main.o [1]
CDC_Receive_DATA        0x080028f9  0x112  Code  Gb  usbd_cdc_vcp.o [1]
COM_CRC16               0x080025a7   0x34  Code  Gb  BridgeCOM_Lib.o [1]
COM_SaveMsg             0x0800258d   0x1a  Code  Gb  BridgeCOM_Lib.o [1]
COM_SendMsg             0x08002535   0x54  Code  Gb  BridgeCOM_Lib.o [1]
COM_SendSpecial         0x08002a37   0x1e  Code  Gb  usbd_cdc_vcp.o [1]
CRC_TABLE               0x08001d34  0x200  Data  Lc  BRIDGE_Config.o [1]
CSTACK$$Base            0x200010c0          --   Gb  - Linker created -
CSTACK$$Limit           0x200014c0          --   Gb  - Linker created -
ChangeState_level_Busier
                        0x08001cf3    0x6  Code  Gb  BRIDGE_Config.o [1]
ChangeState_level_Freer
                        0x08001ced    0x6  Code  Gb  BRIDGE_Config.o [1]
CheckITStatus           0x08001491    0xc  Code  Lc  stm32f4xx_can.o [1]
CmdBuff                 0x2000000c    0x8  Data  Gb  usbd_cdc_core.o [1]
ColorfulRingOfDeath     0x080026a5   0x26  Code  Gb  main.o [1]
DCD_EP_Close            0x0800192b   0x24  Code  Gb  usb_dcd.o [1]
DCD_EP_ClrStall         0x080019d7   0x14  Code  Gb  usb_dcd.o [1]
DCD_EP_Open             0x080018f1   0x3a  Code  Gb  usb_dcd.o [1]
DCD_EP_PrepareRx        0x0800194f   0x24  Code  Gb  usb_dcd.o [1]
DCD_EP_SetAddress       0x08001a0b   0x10  Code  Gb  usb_dcd.o [1]
DCD_EP_Stall            0x080019b3   0x14  Code  Gb  usb_dcd.o [1]
DCD_EP_Tx               0x0800197f   0x1e  Code  Gb  usb_dcd.o [1]
DCD_HandleInEP_ISR      0x08000e3b   0xde  Code  Lc  usb_dcd_int.o [1]
DCD_HandleOutEP_ISR     0x08000f21   0xb2  Code  Lc  usb_dcd_int.o [1]
DCD_Init                0x08001869   0x78  Code  Gb  usb_dcd.o [1]
DCD_WriteEmptyTxFifo    0x08000fd9   0x6a  Code  Lc  usb_dcd_int.o [1]
DebugMon_Handler        0x0800234d    0x2  Code  Gb  stm32f4xx_it.o [1]
EXTI_ClearITPendingBit  0x08000b65    0x2  Code  Gb  stm32f4xx_exti.o [1]
GPIO_Init               0x08000ac9   0x70  Code  Gb  stm32f4xx_gpio.o [1]
GPIO_PinAFConfig        0x08000b41   0x24  Code  Gb  stm32f4xx_gpio.o [1]
GPIO_ResetBits          0x08000b3d    0x4  Code  Gb  stm32f4xx_gpio.o [1]
GPIO_SetBits            0x08000b39    0x4  Code  Gb  stm32f4xx_gpio.o [1]
HardFault_Handler       0x0800233b    0x4  Code  Gb  stm32f4xx_it.o [1]
LED_Config              0x08002671   0x34  Code  Gb  main.o [1]
MemManage_Handler       0x0800233f    0x4  Code  Gb  stm32f4xx_it.o [1]
NACK_MESSAGE            0x08002a54    0x2  Data  Lc  usbd_cdc_vcp.o [1]
NMI_Handler             0x08002339    0x2  Code  Gb  stm32f4xx_it.o [1]
NVIC_Init               0x08000b7f   0x58  Code  Gb  misc.o [1]
NVIC_PriorityGroupConfig
                        0x08000b75    0xa  Code  Gb  misc.o [1]
OTG_FS_IRQHandler       0x08002351    0x6  Code  Gb  stm32f4xx_it.o [1]
OTG_FS_WKUP_IRQHandler  0x08002357   0x28  Code  Gb  stm32f4xx_it.o [1]
PendSV_Handler          0x0800234f    0x2  Code  Gb  stm32f4xx_it.o [1]
RCC_AHB1PeriphClockCmd  0x08000a59   0x12  Code  Gb  stm32f4xx_rcc.o [1]
RCC_AHB2PeriphClockCmd  0x08000a6b   0x12  Code  Gb  stm32f4xx_rcc.o [1]
RCC_APB1PeriphClockCmd  0x08000a7d   0x12  Code  Gb  stm32f4xx_rcc.o [1]
RCC_APB1PeriphResetCmd  0x08000aa1   0x12  Code  Gb  stm32f4xx_rcc.o [1]
RCC_APB2PeriphClockCmd  0x08000a8f   0x12  Code  Gb  stm32f4xx_rcc.o [1]
Receive_Counter         0x20001024    0x1  Data  Gb  usbd_cdc_vcp.o [1]
Region$$Table$$Base     0x08002b90          --   Gb  - Linker created -
Region$$Table$$Limit    0x08002bb4          --   Gb  - Linker created -
SVC_Handler             0x0800234b    0x2  Code  Gb  stm32f4xx_it.o [1]
SysTick_Handler         0x08002175  0x14c  Code  Gb  stm32f4xx_it.o [1]
SystemCoreClock         0x200000f8    0x4  Data  Gb  system_stm32f4xx.o [1]
SystemInit              0x080026f9   0xc4  Code  Gb  system_stm32f4xx.o [1]
USBD_CDC_cb             0x20000058   0x2c  Data  Gb  usbd_cdc_core.o [1]
USBD_ClrCfg             0x08001ca1    0xe  Code  Gb  usbd_core.o [1]
USBD_CtlContinueRx      0x08001a4f    0x2  Code  Gb  usbd_ioreq.o [1]
USBD_CtlContinueSendData
                        0x08001a2d    0x2  Code  Gb  usbd_ioreq.o [1]
USBD_CtlError           0x080017ff   0x26  Code  Gb  usbd_req.o [1]
USBD_CtlPrepareRx       0x08001a3d   0x12  Code  Gb  usbd_ioreq.o [1]
USBD_CtlReceiveStatus   0x08001a6f    0xe  Code  Gb  usbd_ioreq.o [1]
USBD_CtlSendData        0x08001a1b   0x12  Code  Gb  usbd_ioreq.o [1]
USBD_CtlSendStatus      0x08001a5f   0x10  Code  Gb  usbd_ioreq.o [1]
USBD_DCD_INT_cb         0x20000084   0x2c  Data  Gb  usbd_core.o [1]
USBD_DCD_INT_fops       0x2000012c    0x4  Data  Gb  usbd_core.o [1]
USBD_DataInStage        0x08001b89   0x96  Code  Lc  usbd_core.o [1]
USBD_DataOutStage       0x08001b15   0x74  Code  Lc  usbd_core.o [1]
USBD_DeviceDesc         0x20000110   0x14  Data  Gb  usbd_desc.o [1]
USBD_GetDescriptor      0x080016ed   0xd0  Code  Lc  usbd_req.o [1]
USBD_GetString          0x08001825   0x44  Code  Gb  usbd_req.o [1]
USBD_Init               0x08001a95   0x34  Code  Gb  usbd_core.o [1]
USBD_IsoINIncomplete    0x08001caf    0xe  Code  Lc  usbd_core.o [1]
USBD_IsoOUTIncomplete   0x08001cbd    0xe  Code  Lc  usbd_core.o [1]
USBD_LangIDDesc         0x20000130    0x4  Data  Gb  usbd_desc.o [1]
USBD_OTG_ISR_Handler    0x08000bed  0x240  Code  Gb  usb_dcd_int.o [1]
USBD_ParseSetupRequest  0x080017c3   0x3c  Code  Gb  usbd_req.o [1]
USBD_Reset              0x08001c1f   0x2e  Code  Lc  usbd_core.o [1]
USBD_Resume             0x08001c4d   0x16  Code  Lc  usbd_core.o [1]
USBD_SOF                0x08001c77   0x12  Code  Lc  usbd_core.o [1]
USBD_SetCfg             0x08001c89   0x18  Code  Gb  usbd_core.o [1]
USBD_SetupStage         0x08001ac9   0x4c  Code  Lc  usbd_core.o [1]
USBD_StdDevReq          0x0800149d  0x152  Code  Gb  usbd_req.o [1]
USBD_StdEPReq           0x08001621   0xbc  Code  Gb  usbd_req.o [1]
USBD_StdItfReq          0x080015ef   0x32  Code  Gb  usbd_req.o [1]
USBD_StrDesc            0x20001068   0x34  Data  Gb  usbd_req.o [1]
USBD_Suspend            0x08001c63   0x14  Code  Lc  usbd_core.o [1]
USBD_USR_ConfigStrDescriptor
                        0x08002aa5    0x8  Code  Gb  usbd_desc.o [1]
USBD_USR_DeviceConfigured
                        0x080025df    0x2  Code  Gb  usbd_usr.o [1]
USBD_USR_DeviceConnected
                        0x080025e1    0x2  Code  Gb  usbd_usr.o [1]
USBD_USR_DeviceDescriptor
                        0x08002a5d    0x8  Code  Gb  usbd_desc.o [1]
USBD_USR_DeviceDisconnected
                        0x080025e3    0x2  Code  Gb  usbd_usr.o [1]
USBD_USR_DeviceReset    0x080025dd    0x2  Code  Gb  usbd_usr.o [1]
USBD_USR_DeviceResumed  0x080025e7    0x2  Code  Gb  usbd_usr.o [1]
USBD_USR_DeviceSuspended
                        0x080025e5    0x2  Code  Gb  usbd_usr.o [1]
USBD_USR_Init           0x080025db    0x2  Code  Gb  usbd_usr.o [1]
USBD_USR_InterfaceStrDescriptor
                        0x08002ab9    0xa  Code  Gb  usbd_desc.o [1]
USBD_USR_LangIDStrDescriptor
                        0x08002a65    0x8  Code  Gb  usbd_desc.o [1]
USBD_USR_ManufacturerStrDescriptor
                        0x08002a7f    0xa  Code  Gb  usbd_desc.o [1]
USBD_USR_ProductStrDescriptor
                        0x08002a6d   0x12  Code  Gb  usbd_desc.o [1]
USBD_USR_SerialStrDescriptor
                        0x08002a89   0x12  Code  Gb  usbd_desc.o [1]
USBD_cdc_GetCfgDesc     0x08002155    0x8  Code  Lc  usbd_cdc_core.o [1]
USBD_cfg_status         0x200010a0    0x4  Data  Gb  usbd_req.o [1]
USBD_default_cfg        0x200010a4    0x4  Data  Gb  usbd_req.o [1]
USBD_ep_status          0x200010b8    0x4  Data  Gb  usbd_req.o [1]
USB_OTG_BSP_EnableInterrupt
                        0x08000a13   0x2a  Code  Gb  usb_bsp.o [1]
USB_OTG_BSP_Init        0x08000971   0x96  Code  Gb  usb_bsp.o [1]
USB_OTG_BSP_mDelay      0x08000a51    0x8  Code  Gb  usb_bsp.o [1]
USB_OTG_BSP_uDelay      0x08000a3d   0x14  Code  Gb  usb_bsp.o [1]
USB_OTG_CoreInit        0x080002dd   0xc4  Code  Gb  usb_core.o [1]
USB_OTG_CoreInitDev     0x0800047f   0xfc  Code  Gb  usb_core.o [1]
USB_OTG_CoreReset       0x08000189   0x4a  Code  Lc  usb_core.o [1]
USB_OTG_DisableGlobalInt
                        0x080003ab    0x8  Code  Gb  usb_core.o [1]
USB_OTG_EP0Activate     0x080005d1   0x34  Code  Gb  usb_core.o [1]
USB_OTG_EP0StartXfer    0x080007b5   0xd0  Code  Gb  usb_core.o [1]
USB_OTG_EP0_OutStart    0x080008fd   0x20  Code  Gb  usb_core.o [1]
USB_OTG_EPActivate      0x08000605   0x62  Code  Gb  usb_core.o [1]
USB_OTG_EPClearStall    0x080008ad   0x28  Code  Gb  usb_core.o [1]
USB_OTG_EPDeactivate    0x08000667   0x2c  Code  Gb  usb_core.o [1]
USB_OTG_EPSetStall      0x08000885   0x28  Code  Gb  usb_core.o [1]
USB_OTG_EPStartXfer     0x08000693  0x122  Code  Gb  usb_core.o [1]
USB_OTG_EnableDevInt    0x0800057b   0x2e  Code  Gb  usb_core.o [1]
USB_OTG_EnableGlobalInt
                        0x080003a1    0xa  Code  Gb  usb_core.o [1]
USB_OTG_FlushRxFifo     0x080003e7   0x24  Code  Gb  usb_core.o [1]
USB_OTG_FlushTxFifo     0x080003b9   0x2e  Code  Gb  usb_core.o [1]
USB_OTG_GetDeviceSpeed  0x080005a9   0x28  Code  Gb  usb_core.o [1]
USB_OTG_GetMode         0x08000447    0xa  Code  Gb  usb_core.o [1]
USB_OTG_InitDevSpeed    0x0800046d   0x12  Code  Gb  usb_core.o [1]
USB_OTG_IsDeviceMode    0x08000451   0x12  Code  Gb  usb_core.o [1]
USB_OTG_ReadCoreItr     0x08000463    0xa  Code  Gb  usb_core.o [1]
USB_OTG_ReadDevAllInEPItr
                        0x080008f1    0xc  Code  Gb  usb_core.o [1]
USB_OTG_ReadDevAllOutEp_itr
                        0x080008d5    0xc  Code  Gb  usb_core.o [1]
USB_OTG_ReadDevOutEP_itr
                        0x080008e1   0x10  Code  Gb  usb_core.o [1]
USB_OTG_ReadPacket      0x080001fd   0x24  Code  Gb  usb_core.o [1]
USB_OTG_SelectCore      0x08000221   0xbc  Code  Gb  usb_core.o [1]
USB_OTG_SetCurrentMode  0x08000421   0x26  Code  Gb  usb_core.o [1]
USB_OTG_UngateClock     0x08000955   0x1c  Code  Gb  usb_core.o [1]
USB_OTG_WritePacket     0x080001d3   0x2a  Code  Gb  usb_core.o [1]
USB_OTG_dev             0x20000954  0x5f0  Data  Gb  main.o [1]
USB_Rx_Buffer           0x20001028   0x40  Data  Gb  usbd_cdc_core.o [1]
USB_Tx_State            0x20000134    0x1  Data  Gb  usbd_cdc_core.o [1]
USR_cb                  0x200000cc   0x1c  Data  Gb  usbd_usr.o [1]
USR_desc                0x200000b0   0x1c  Data  Gb  usbd_desc.o [1]
UsageFault_Handler      0x08002347    0x4  Code  Gb  stm32f4xx_it.o [1]
VCP_Ctrl                0x08002865   0x2c  Code  Lc  usbd_cdc_vcp.o [1]
VCP_DataRx              0x080028bb   0x3c  Code  Lc  usbd_cdc_vcp.o [1]
VCP_DataTx              0x08002893   0x28  Code  Lc  usbd_cdc_vcp.o [1]
VCP_DeInit              0x08002861    0x4  Code  Lc  usbd_cdc_vcp.o [1]
VCP_Init                0x0800285d    0x4  Code  Lc  usbd_cdc_vcp.o [1]
VCP_fops                0x200000fc   0x14  Data  Gb  usbd_cdc_vcp.o [1]
VCP_send_buffer         0x08002891    0x2  Code  Gb  usbd_cdc_vcp.o [1]
__cmain                 0x08002bd1         Code  Gb  cmain.o [5]
__exit                  0x08002c01   0x14  Code  Gb  exit.o [6]
__iar_copy_init3        0x08001043   0x2e  Code  Gb  copy_init3.o [5]
__iar_data_init3        0x08002b69   0x28  Code  Gb  data_init.o [5]
__iar_init_vfp          0x08002bb5         Code  Gb  fpinit_M.o [4]
__iar_program_start     0x08002c25         Code  Gb  cstartup_M.o [5]
__iar_unaligned___aeabi_memcpy
                        0x080027e5         Code  Gb  ABImemcpy_unaligned.o [5]
__iar_unaligned___aeabi_memcpy4
                        0x08002805         Code  Gb  ABImemcpy_unaligned.o [5]
__iar_unaligned___aeabi_memcpy8
                        0x08002805         Code  Gb  ABImemcpy_unaligned.o [5]
__iar_zero_init3        0x08001ccb   0x22  Code  Gb  zero_init3.o [5]
__low_level_init        0x08002beb    0x4  Code  Gb  low_level_init.o [3]
__vector_table          0x08000000         Data  Gb  startup_stm32f4xx.o [1]
_call_main              0x08002bdd         Code  Gb  cmain.o [5]
_exit                   0x08002bf5         Code  Gb  cexit.o [5]
_main                   0x08002be7         Code  Gb  cmain.o [5]
cdcCmd                  0x20000004    0x4  Data  Lc  usbd_cdc_core.o [1]
cdcLen                  0x20000008    0x4  Data  Lc  usbd_cdc_core.o [1]
crc16                   0x08001cf9   0x12  Code  Gb  BRIDGE_Config.o [1]
exit                    0x08002bef    0x4  Code  Gb  exit.o [3]
linecoding              0x20000124    0x8  Data  Gb  usbd_cdc_vcp.o [1]
main                    0x080025e9   0x88  Code  Gb  main.o [1]
memcpy                  0x080027d9    0xc  Code  Gb  memcpy.o [3]
mybyteconvertor         0x200010b0    0x4  Data  Gb  BridgeCOM_Lib.o [1]
ticker                  0x20000948    0x4  Data  Gb  main.o [1]
usbd_cdc_AltSet         0x20000000    0x4  Data  Lc  usbd_cdc_core.o [1]
usbd_cdc_CfgDesc        0x20000014   0x44  Data  Gb  usbd_cdc_core.o [1]
usbd_cdc_DataIn         0x08002079   0x32  Code  Lc  usbd_cdc_core.o [1]
usbd_cdc_DataOut        0x080020ab   0x2e  Code  Lc  usbd_cdc_core.o [1]
usbd_cdc_DeInit         0x08001f8f   0x24  Code  Lc  usbd_cdc_core.o [1]
usbd_cdc_EP0_RxReady    0x0800205b   0x1e  Code  Lc  usbd_cdc_core.o [1]
usbd_cdc_Init           0x08001f35   0x5a  Code  Lc  usbd_cdc_core.o [1]
usbd_cdc_SOF            0x080020d9   0x5c  Code  Lc  usbd_cdc_core.o [1]
usbd_cdc_Setup          0x08001fb3   0xa8  Code  Lc  usbd_cdc_core.o [1]


[1] = C:\Users\RAMI\Documents\GitHub\USB_TO_CAN_Bridge\Bridge\Project\Peripheral_Examples\SysTick\EWARM\SysTick\Obj
[2] = command line
[3] = dl7M_tln.a
[4] = m7M_tlv.a
[5] = rt7M_tl.a
[6] = shb_l.a

  11 592 bytes of readonly  code memory
     344 bytes of readonly  data memory
   5 308 bytes of readwrite data memory

Errors: none
Warnings: none
